Saaaaaaaaaa
aSaaaaaaaaa
aaSaaaaaaaa
aaaSaaaaaaa
aaaaSaaaaaa
aaaaaSaaaaa
aaaaaaSaaaa
aaaaaaaSaaa
aaaaaaaaSaa
aaaaaaaaaSa
aaaaaaaaaaT
aaaaaaaaaaF 
