Sabababababab
aBbababababab
abCababababab
abaBbabababab
ababCabababab
ababaBbababab
abababCababab
abababaBbabab
ababababCabab
ababababaBbab
abababababCab
abababababaBb
ababababababC
abababababab F
