Sabcdefghijklmnopqrstuvwxyz
Aabcdefghijklmnopqrstuvwxyz
Bbbcdefghijklmnopqrstuvwxyz
Ccbcdefghijklmnopqrstuvwxyz
Ddbcdefghijklmnopqrstuvwxyz
Eebcdefghijklmnopqrstuvwxyz
Ggbcdefghijklmnopqrstuvwxyz
Hhbcdefghijklmnopqrstuvwxyz
Iibcdefghijklmnopqrstuvwxyz
Jjbcdefghijklmnopqrstuvwxyz
Kkbcdefghijklmnopqrstuvwxyz
Llbcdefghijklmnopqrstuvwxyz
Mmbcdefghijklmnopqrstuvwxyz
Nnbcdefghijklmnopqrstuvwxyz
Oobcdefghijklmnopqrstuvwxyz
Ppbcdefghijklmnopqrstuvwxyz
Qqbcdefghijklmnopqrstuvwxyz
Rrbcdefghijklmnopqrstuvwxyz
Ttbcdefghijklmnopqrstuvwxyz
Uubcdefghijklmnopqrstuvwxyz
Vvbcdefghijklmnopqrstuvwxyz
Wwbcdefghijklmnopqrstuvwxyz
Xxbcdefghijklmnopqrstuvwxyz
Yybcdefghijklmnopqrstuvwxyz
Zzbcdefghijklmnopqrstuvwxyz
zSbcdefghijklmnopqrstuvwxyz
zBbcdefghijklmnopqrstuvwxyz
zCccdefghijklmnopqrstuvwxyz
zDdcdefghijklmnopqrstuvwxyz
zEecdefghijklmnopqrstuvwxyz
zGgcdefghijklmnopqrstuvwxyz
zHhcdefghijklmnopqrstuvwxyz
zIicdefghijklmnopqrstuvwxyz
zJjcdefghijklmnopqrstuvwxyz
zKkcdefghijklmnopqrstuvwxyz
zLlcdefghijklmnopqrstuvwxyz
zMmcdefghijklmnopqrstuvwxyz
zNncdefghijklmnopqrstuvwxyz
zOocdefghijklmnopqrstuvwxyz
zPpcdefghijklmnopqrstuvwxyz
zQqcdefghijklmnopqrstuvwxyz
zRrcdefghijklmnopqrstuvwxyz
zTtcdefghijklmnopqrstuvwxyz
zUucdefghijklmnopqrstuvwxyz
zVvcdefghijklmnopqrstuvwxyz
zWwcdefghijklmnopqrstuvwxyz
zXxcdefghijklmnopqrstuvwxyz
zYycdefghijklmnopqrstuvwxyz
zZzcdefghijklmnopqrstuvwxyz
zzScdefghijklmnopqrstuvwxyz
zzCcdefghijklmnopqrstuvwxyz
zzDddefghijklmnopqrstuvwxyz
zzEedefghijklmnopqrstuvwxyz
zzGgdefghijklmnopqrstuvwxyz
zzHhdefghijklmnopqrstuvwxyz
zzIidefghijklmnopqrstuvwxyz
zzJjdefghijklmnopqrstuvwxyz
zzKkdefghijklmnopqrstuvwxyz
zzLldefghijklmnopqrstuvwxyz
zzMmdefghijklmnopqrstuvwxyz
zzNndefghijklmnopqrstuvwxyz
zzOodefghijklmnopqrstuvwxyz
zzPpdefghijklmnopqrstuvwxyz
zzQqdefghijklmnopqrstuvwxyz
zzRrdefghijklmnopqrstuvwxyz
zzTtdefghijklmnopqrstuvwxyz
zzUudefghijklmnopqrstuvwxyz
zzVvdefghijklmnopqrstuvwxyz
zzWwdefghijklmnopqrstuvwxyz
zzXxdefghijklmnopqrstuvwxyz
zzYydefghijklmnopqrstuvwxyz
zzZzdefghijklmnopqrstuvwxyz
zzzSdefghijklmnopqrstuvwxyz
zzzDdefghijklmnopqrstuvwxyz
zzzEeefghijklmnopqrstuvwxyz
zzzGgefghijklmnopqrstuvwxyz
zzzHhefghijklmnopqrstuvwxyz
zzzIiefghijklmnopqrstuvwxyz
zzzJjefghijklmnopqrstuvwxyz
zzzKkefghijklmnopqrstuvwxyz
zzzLlefghijklmnopqrstuvwxyz
zzzMmefghijklmnopqrstuvwxyz
zzzNnefghijklmnopqrstuvwxyz
zzzOoefghijklmnopqrstuvwxyz
zzzPpefghijklmnopqrstuvwxyz
zzzQqefghijklmnopqrstuvwxyz
zzzRrefghijklmnopqrstuvwxyz
zzzTtefghijklmnopqrstuvwxyz
zzzUuefghijklmnopqrstuvwxyz
zzzVvefghijklmnopqrstuvwxyz
zzzWwefghijklmnopqrstuvwxyz
zzzXxefghijklmnopqrstuvwxyz
zzzYyefghijklmnopqrstuvwxyz
zzzZzefghijklmnopqrstuvwxyz
zzzzSefghijklmnopqrstuvwxyz
zzzzEefghijklmnopqrstuvwxyz
zzzzGgfghijklmnopqrstuvwxyz
zzzzHhfghijklmnopqrstuvwxyz
zzzzIifghijklmnopqrstuvwxyz
zzzzJjfghijklmnopqrstuvwxyz
zzzzKkfghijklmnopqrstuvwxyz
zzzzLlfghijklmnopqrstuvwxyz
zzzzMmfghijklmnopqrstuvwxyz
zzzzNnfghijklmnopqrstuvwxyz
zzzzOofghijklmnopqrstuvwxyz
zzzzPpfghijklmnopqrstuvwxyz
zzzzQqfghijklmnopqrstuvwxyz
zzzzRrfghijklmnopqrstuvwxyz
zzzzTtfghijklmnopqrstuvwxyz
zzzzUufghijklmnopqrstuvwxyz
zzzzVvfghijklmnopqrstuvwxyz
zzzzWwfghijklmnopqrstuvwxyz
zzzzXxfghijklmnopqrstuvwxyz
zzzzYyfghijklmnopqrstuvwxyz
zzzzZzfghijklmnopqrstuvwxyz
zzzzzSfghijklmnopqrstuvwxyz
zzzzzGgghijklmnopqrstuvwxyz
zzzzzHhghijklmnopqrstuvwxyz
zzzzzIighijklmnopqrstuvwxyz
zzzzzJjghijklmnopqrstuvwxyz
zzzzzKkghijklmnopqrstuvwxyz
zzzzzLlghijklmnopqrstuvwxyz
zzzzzMmghijklmnopqrstuvwxyz
zzzzzNnghijklmnopqrstuvwxyz
zzzzzOoghijklmnopqrstuvwxyz
zzzzzPpghijklmnopqrstuvwxyz
zzzzzQqghijklmnopqrstuvwxyz
zzzzzRrghijklmnopqrstuvwxyz
zzzzzTtghijklmnopqrstuvwxyz
zzzzzUughijklmnopqrstuvwxyz
zzzzzVvghijklmnopqrstuvwxyz
zzzzzWwghijklmnopqrstuvwxyz
zzzzzXxghijklmnopqrstuvwxyz
zzzzzYyghijklmnopqrstuvwxyz
zzzzzZzghijklmnopqrstuvwxyz
zzzzzzSghijklmnopqrstuvwxyz
zzzzzzGghijklmnopqrstuvwxyz
zzzzzzHhhijklmnopqrstuvwxyz
zzzzzzIihijklmnopqrstuvwxyz
zzzzzzJjhijklmnopqrstuvwxyz
zzzzzzKkhijklmnopqrstuvwxyz
zzzzzzLlhijklmnopqrstuvwxyz
zzzzzzMmhijklmnopqrstuvwxyz
zzzzzzNnhijklmnopqrstuvwxyz
zzzzzzOohijklmnopqrstuvwxyz
zzzzzzPphijklmnopqrstuvwxyz
zzzzzzQqhijklmnopqrstuvwxyz
zzzzzzRrhijklmnopqrstuvwxyz
zzzzzzTthijklmnopqrstuvwxyz
zzzzzzUuhijklmnopqrstuvwxyz
zzzzzzVvhijklmnopqrstuvwxyz
zzzzzzWwhijklmnopqrstuvwxyz
zzzzzzXxhijklmnopqrstuvwxyz
zzzzzzYyhijklmnopqrstuvwxyz
zzzzzzZzhijklmnopqrstuvwxyz
zzzzzzzShijklmnopqrstuvwxyz
zzzzzzzHhijklmnopqrstuvwxyz
zzzzzzzIiijklmnopqrstuvwxyz
zzzzzzzJjijklmnopqrstuvwxyz
zzzzzzzKkijklmnopqrstuvwxyz
zzzzzzzLlijklmnopqrstuvwxyz
zzzzzzzMmijklmnopqrstuvwxyz
zzzzzzzNnijklmnopqrstuvwxyz
zzzzzzzOoijklmnopqrstuvwxyz
zzzzzzzPpijklmnopqrstuvwxyz
zzzzzzzQqijklmnopqrstuvwxyz
zzzzzzzRrijklmnopqrstuvwxyz
zzzzzzzTtijklmnopqrstuvwxyz
zzzzzzzUuijklmnopqrstuvwxyz
zzzzzzzVvijklmnopqrstuvwxyz
zzzzzzzWwijklmnopqrstuvwxyz
zzzzzzzXxijklmnopqrstuvwxyz
zzzzzzzYyijklmnopqrstuvwxyz
zzzzzzzZzijklmnopqrstuvwxyz
zzzzzzzzSijklmnopqrstuvwxyz
zzzzzzzzIijklmnopqrstuvwxyz
zzzzzzzzJjjklmnopqrstuvwxyz
zzzzzzzzKkjklmnopqrstuvwxyz
zzzzzzzzLljklmnopqrstuvwxyz
zzzzzzzzMmjklmnopqrstuvwxyz
zzzzzzzzNnjklmnopqrstuvwxyz
zzzzzzzzOojklmnopqrstuvwxyz
zzzzzzzzPpjklmnopqrstuvwxyz
zzzzzzzzQqjklmnopqrstuvwxyz
zzzzzzzzRrjklmnopqrstuvwxyz
zzzzzzzzTtjklmnopqrstuvwxyz
zzzzzzzzUujklmnopqrstuvwxyz
zzzzzzzzVvjklmnopqrstuvwxyz
zzzzzzzzWwjklmnopqrstuvwxyz
zzzzzzzzXxjklmnopqrstuvwxyz
zzzzzzzzYyjklmnopqrstuvwxyz
zzzzzzzzZzjklmnopqrstuvwxyz
zzzzzzzzzSjklmnopqrstuvwxyz
zzzzzzzzzJjklmnopqrstuvwxyz
zzzzzzzzzKkklmnopqrstuvwxyz
zzzzzzzzzLlklmnopqrstuvwxyz
zzzzzzzzzMmklmnopqrstuvwxyz
zzzzzzzzzNnklmnopqrstuvwxyz
zzzzzzzzzOoklmnopqrstuvwxyz
zzzzzzzzzPpklmnopqrstuvwxyz
zzzzzzzzzQqklmnopqrstuvwxyz
zzzzzzzzzRrklmnopqrstuvwxyz
zzzzzzzzzTtklmnopqrstuvwxyz
zzzzzzzzzUuklmnopqrstuvwxyz
zzzzzzzzzVvklmnopqrstuvwxyz
zzzzzzzzzWwklmnopqrstuvwxyz
zzzzzzzzzXxklmnopqrstuvwxyz
zzzzzzzzzYyklmnopqrstuvwxyz
zzzzzzzzzZzklmnopqrstuvwxyz
zzzzzzzzzzSklmnopqrstuvwxyz
zzzzzzzzzzKklmnopqrstuvwxyz
zzzzzzzzzzLllmnopqrstuvwxyz
zzzzzzzzzzMmlmnopqrstuvwxyz
zzzzzzzzzzNnlmnopqrstuvwxyz
zzzzzzzzzzOolmnopqrstuvwxyz
zzzzzzzzzzPplmnopqrstuvwxyz
zzzzzzzzzzQqlmnopqrstuvwxyz
zzzzzzzzzzRrlmnopqrstuvwxyz
zzzzzzzzzzTtlmnopqrstuvwxyz
zzzzzzzzzzUulmnopqrstuvwxyz
zzzzzzzzzzVvlmnopqrstuvwxyz
zzzzzzzzzzWwlmnopqrstuvwxyz
zzzzzzzzzzXxlmnopqrstuvwxyz
zzzzzzzzzzYylmnopqrstuvwxyz
zzzzzzzzzzZzlmnopqrstuvwxyz
zzzzzzzzzzzSlmnopqrstuvwxyz
zzzzzzzzzzzLlmnopqrstuvwxyz
zzzzzzzzzzzMmmnopqrstuvwxyz
zzzzzzzzzzzNnmnopqrstuvwxyz
zzzzzzzzzzzOomnopqrstuvwxyz
zzzzzzzzzzzPpmnopqrstuvwxyz
zzzzzzzzzzzQqmnopqrstuvwxyz
zzzzzzzzzzzRrmnopqrstuvwxyz
zzzzzzzzzzzTtmnopqrstuvwxyz
zzzzzzzzzzzUumnopqrstuvwxyz
zzzzzzzzzzzVvmnopqrstuvwxyz
zzzzzzzzzzzWwmnopqrstuvwxyz
zzzzzzzzzzzXxmnopqrstuvwxyz
zzzzzzzzzzzYymnopqrstuvwxyz
zzzzzzzzzzzZzmnopqrstuvwxyz
zzzzzzzzzzzzSmnopqrstuvwxyz
zzzzzzzzzzzzMmnopqrstuvwxyz
zzzzzzzzzzzzNnnopqrstuvwxyz
zzzzzzzzzzzzOonopqrstuvwxyz
zzzzzzzzzzzzPpnopqrstuvwxyz
zzzzzzzzzzzzQqnopqrstuvwxyz
zzzzzzzzzzzzRrnopqrstuvwxyz
zzzzzzzzzzzzTtnopqrstuvwxyz
zzzzzzzzzzzzUunopqrstuvwxyz
zzzzzzzzzzzzVvnopqrstuvwxyz
zzzzzzzzzzzzWwnopqrstuvwxyz
zzzzzzzzzzzzXxnopqrstuvwxyz
zzzzzzzzzzzzYynopqrstuvwxyz
zzzzzzzzzzzzZznopqrstuvwxyz
zzzzzzzzzzzzzSnopqrstuvwxyz
zzzzzzzzzzzzzNnopqrstuvwxyz
zzzzzzzzzzzzzOoopqrstuvwxyz
zzzzzzzzzzzzzPpopqrstuvwxyz
zzzzzzzzzzzzzQqopqrstuvwxyz
zzzzzzzzzzzzzRropqrstuvwxyz
zzzzzzzzzzzzzTtopqrstuvwxyz
zzzzzzzzzzzzzUuopqrstuvwxyz
zzzzzzzzzzzzzVvopqrstuvwxyz
zzzzzzzzzzzzzWwopqrstuvwxyz
zzzzzzzzzzzzzXxopqrstuvwxyz
zzzzzzzzzzzzzYyopqrstuvwxyz
zzzzzzzzzzzzzZzopqrstuvwxyz
zzzzzzzzzzzzzzSopqrstuvwxyz
zzzzzzzzzzzzzzOopqrstuvwxyz
zzzzzzzzzzzzzzPppqrstuvwxyz
zzzzzzzzzzzzzzQqpqrstuvwxyz
zzzzzzzzzzzzzzRrpqrstuvwxyz
zzzzzzzzzzzzzzTtpqrstuvwxyz
zzzzzzzzzzzzzzUupqrstuvwxyz
zzzzzzzzzzzzzzVvpqrstuvwxyz
zzzzzzzzzzzzzzWwpqrstuvwxyz
zzzzzzzzzzzzzzXxpqrstuvwxyz
zzzzzzzzzzzzzzYypqrstuvwxyz
zzzzzzzzzzzzzzZzpqrstuvwxyz
zzzzzzzzzzzzzzzSpqrstuvwxyz
zzzzzzzzzzzzzzzPpqrstuvwxyz
zzzzzzzzzzzzzzzQqqrstuvwxyz
zzzzzzzzzzzzzzzRrqrstuvwxyz
zzzzzzzzzzzzzzzTtqrstuvwxyz
zzzzzzzzzzzzzzzUuqrstuvwxyz
zzzzzzzzzzzzzzzVvqrstuvwxyz
zzzzzzzzzzzzzzzWwqrstuvwxyz
zzzzzzzzzzzzzzzXxqrstuvwxyz
zzzzzzzzzzzzzzzYyqrstuvwxyz
zzzzzzzzzzzzzzzZzqrstuvwxyz
zzzzzzzzzzzzzzzzSqrstuvwxyz
zzzzzzzzzzzzzzzzQqrstuvwxyz
zzzzzzzzzzzzzzzzRrrstuvwxyz
zzzzzzzzzzzzzzzzTtrstuvwxyz
zzzzzzzzzzzzzzzzUurstuvwxyz
zzzzzzzzzzzzzzzzVvrstuvwxyz
zzzzzzzzzzzzzzzzWwrstuvwxyz
zzzzzzzzzzzzzzzzXxrstuvwxyz
zzzzzzzzzzzzzzzzYyrstuvwxyz
zzzzzzzzzzzzzzzzZzrstuvwxyz
zzzzzzzzzzzzzzzzzSrstuvwxyz
zzzzzzzzzzzzzzzzzRrstuvwxyz
zzzzzzzzzzzzzzzzzTtstuvwxyz
zzzzzzzzzzzzzzzzzUustuvwxyz
zzzzzzzzzzzzzzzzzVvstuvwxyz
zzzzzzzzzzzzzzzzzWwstuvwxyz
zzzzzzzzzzzzzzzzzXxstuvwxyz
zzzzzzzzzzzzzzzzzYystuvwxyz
zzzzzzzzzzzzzzzzzZzstuvwxyz
zzzzzzzzzzzzzzzzzzSstuvwxyz
zzzzzzzzzzzzzzzzzzTttuvwxyz
zzzzzzzzzzzzzzzzzzUutuvwxyz
zzzzzzzzzzzzzzzzzzVvtuvwxyz
zzzzzzzzzzzzzzzzzzWwtuvwxyz
zzzzzzzzzzzzzzzzzzXxtuvwxyz
zzzzzzzzzzzzzzzzzzYytuvwxyz
zzzzzzzzzzzzzzzzzzZztuvwxyz
zzzzzzzzzzzzzzzzzzzStuvwxyz
zzzzzzzzzzzzzzzzzzzTtuvwxyz
zzzzzzzzzzzzzzzzzzzUuuvwxyz
zzzzzzzzzzzzzzzzzzzVvuvwxyz
zzzzzzzzzzzzzzzzzzzWwuvwxyz
zzzzzzzzzzzzzzzzzzzXxuvwxyz
zzzzzzzzzzzzzzzzzzzYyuvwxyz
zzzzzzzzzzzzzzzzzzzZzuvwxyz
zzzzzzzzzzzzzzzzzzzzSuvwxyz
zzzzzzzzzzzzzzzzzzzzUuvwxyz
zzzzzzzzzzzzzzzzzzzzVvvwxyz
zzzzzzzzzzzzzzzzzzzzWwvwxyz
zzzzzzzzzzzzzzzzzzzzXxvwxyz
zzzzzzzzzzzzzzzzzzzzYyvwxyz
zzzzzzzzzzzzzzzzzzzzZzvwxyz
zzzzzzzzzzzzzzzzzzzzzSvwxyz
zzzzzzzzzzzzzzzzzzzzzVvwxyz
zzzzzzzzzzzzzzzzzzzzzWwwxyz
zzzzzzzzzzzzzzzzzzzzzXxwxyz
zzzzzzzzzzzzzzzzzzzzzYywxyz
zzzzzzzzzzzzzzzzzzzzzZzwxyz
zzzzzzzzzzzzzzzzzzzzzzSwxyz
zzzzzzzzzzzzzzzzzzzzzzWwxyz
zzzzzzzzzzzzzzzzzzzzzzXxxyz
zzzzzzzzzzzzzzzzzzzzzzYyxyz
zzzzzzzzzzzzzzzzzzzzzzZzxyz
zzzzzzzzzzzzzzzzzzzzzzzSxyz
zzzzzzzzzzzzzzzzzzzzzzzXxyz
zzzzzzzzzzzzzzzzzzzzzzzYyyz
zzzzzzzzzzzzzzzzzzzzzzzZzyz
zzzzzzzzzzzzzzzzzzzzzzzzSyz
zzzzzzzzzzzzzzzzzzzzzzzzYyz
zzzzzzzzzzzzzzzzzzzzzzzzZzz
zzzzzzzzzzzzzzzzzzzzzzzzzSz
zzzzzzzzzzzzzzzzzzzzzzzzzZz
zzzzzzzzzzzzzzzzzzzzzzzzzzS
zzzzzzzzzzzzzzzzzzzzzzzzzz F
