rv-2-rka: Parser: ParseTree: Invalid Regular Expression.
