rv-2-rka: Parser: ParseForest: Invalid Regular Expression.
