0,1,2,3,4,5,6,7,8,9,10,11,12,13
0
13
0,c,1
1,,2
1,,12
2,,3
2,,9
3,,4
3,,6
4,b,5
5,,8
6,c,7
7,,8
8,,11
9,a,10
10,,11
11,,2
11,,12
12,a,13
