0,1,2,3,4,5,6,7
0
7
0,b,1
1,c,2
2,a,3
3,b,4
4,,5
4,,7
5,a,6
6,,5
6,,7
