0,1,2,3,4,5,6,7,8,9,10,11,12,13
0
13
0,,1
0,,3
1,b,2
2,,13
3,,4
3,,6
4,a,5
5,,4
5,,6
6,,7
6,,9
7,d,8
8,,12
9,c,10
10,d,11
11,,12
12,,13
