0,1,2,3,4,5,6,7,8,9,10,11,12,13,14,15,16
0
16
0,,1
0,,3
1,a,2
2,,7
3,,4
3,,6
4,b,5
5,,4
5,,6
6,,7
7,,8
7,,10
8,c,9
9,,12
10,a,11
11,,12
12,,13
12,,15
13,d,14
14,,13
14,,15
15,c,16
